// Jest Snapshot v1, https://goo.gl/fbAQLP

exports[`configuração da Main page a pagina principal deve ser assim 1`] = `
<div>
  <h1
    class="sc-iGgVNO hZfVeL"
  >
    Vamos Começar!
  </h1>
  <form
    class="sc-aYaIB hNOGfC"
  >
    <label
      for="input-adicionar"
    >
      <img
        alt="adicionar usuário"
        src="images/adicionar.png"
      />
    </label>
    <input
      id="input-adicionar"
      placeholder="Insira os nomes dos participantes"
      type="text"
      value=""
    />
    <button
      disabled=""
    >
      Adicionar
    </button>
  </form>
  
  <ul
    class="sc-eqUzNf lcovKd"
  />
  <footer
    class="sc-dcJtft hmBCgn"
  >
    <button
      class="sc-fqkwJk hJxqmN"
      disabled=""
      type="button"
    >
      <img
        alt="ícone de reproduzir"
        src="images/img-botao.png"
      />
      Iniciar brincadeira
    </button>
    <img
      alt="sacolas"
      src="images/sacolas.png"
    />
  </footer>
</div>
`;
